$ date
Tue Mar  5 00:31:18 PST 2019

$ wget https://www-cs-faculty.stanford.edu/~knuth/programs/queendom-dlx.w

$ cweave queendom-dlx.w
This is CWEAVE, Version 3.64 (TeX Live 2018)
*1*5                                                                                                                                                                              
Writing the output file...*1*5                                                                                                                                                    
Writing the index...                                                                                                                                                              
Done.                                                                                                                                                                             
(No errors were found.)

$ lh
total 40
-rw-r--r--  1 forresty  1896053708    32B Mar  5 00:20 README.md
-rw-r--r--  1 forresty  1896053708   246B Mar  5 00:21 queendom-dlx.idx
-rw-r--r--  1 forresty  1896053708   138B Mar  5 00:21 queendom-dlx.scn
-rw-r--r--  1 forresty  1896053708   2.7K Mar  5 00:21 queendom-dlx.tex
-rw-r--r--  1 forresty  1896053708   1.6K Mar 12  2018 queendom-dlx.w

$ ctangle queendom-dlx.w
This is CTANGLE, Version 3.64 (TeX Live 2018)
*1*5
Writing the output file (queendom-dlx.c):
Done.
(No errors were found.)

$ lh
total 48
-rw-r--r--  1 forresty  1896053708    32B Mar  5 00:20 README.md
-rw-r--r--  1 forresty  1896053708   1.1K Mar  5 00:21 queendom-dlx.c                                                                                                             
-rw-r--r--  1 forresty  1896053708   246B Mar  5 00:21 queendom-dlx.idx                                                                                                           
-rw-r--r--  1 forresty  1896053708   138B Mar  5 00:21 queendom-dlx.scn                                                                                                           
-rw-r--r--  1 forresty  1896053708   2.7K Mar  5 00:21 queendom-dlx.tex
-rw-r--r--  1 forresty  1896053708   1.6K Mar 12  2018 queendom-dlx.w                                                                                                             

$ gcc queendom-dlx.c
./queendom-dlx.w:11:1: warning: type specifier missing, defaults to 'int' [-Wimplicit-int]                                                                                        
main(int argc,char*argv[]){                                                                                                                                                       
^
1 warning generated.

$ tex queendom-dlx.tex
This is TeX, Version 3.14159265 (TeX Live 2018) (preloaded format=tex)
(./queendom-dlx.tex
(/usr/local/texlive/2018/texmf-dist/tex/plain/cweb/cwebmac.tex) *1 [1] *5
Index: (./queendom-dlx.idx) [2] Section names: (./queendom-dlx.scn) [3]
Table of contents: (./queendom-dlx.toc) [0] )
Output written on queendom-dlx.dvi (4 pages, 6472 bytes).
Transcript written on queendom-dlx.log.

$ dvipdf queendom-dlx.dvi

$ ./a.out 8 8
| ./a.out 8 8
1:8|00 1:8|01 1:8|02 1:8|03 1:8|04 1:8|05 1:8|06 1:8|07 1:8|10 1:8|11 1:8|12 1:8|13 1:8|14 1:8|15 1:8|16 1:8|17 1:8|20 1:8|21 1:8|22 1:8|23 1:8|24 1:8|25 1:8|26 1:8|27 1:8|30 1:8|31 1:8|32 1:8|33 1:8|34 1:8|35 1:8|36 1:8|37 1:8|40 1:8|41 1:8|42 1:8|43 1:8|44 1:8|45 1:8|46 1:8|47 1:8|50 1:8|51 1:8|52 1:8|53 1:8|54 1:8|55 1:8|56 1:8|57 1:8|60 1:8|61 1:8|62 1:8|63 1:8|64 1:8|65 1:8|66 1:8|67 1:8|70 1:8|71 1:8|72 1:8|73 1:8|74 1:8|75 1:8|76 1:8|77 8|Q
Q 00 10 20 30 40 50 60 70 01 02 03 04 05 06 07 11 22 33 44 55 66 77
Q 01 11 21 31 41 51 61 71 00 02 03 04 05 06 07 12 23 34 45 56 67 10
Q 02 12 22 32 42 52 62 72 00 01 03 04 05 06 07 13 24 35 46 57 11 20
Q 03 13 23 33 43 53 63 73 00 01 02 04 05 06 07 14 25 36 47 12 21 30
Q 04 14 24 34 44 54 64 74 00 01 02 03 05 06 07 15 26 37 13 22 31 40
Q 05 15 25 35 45 55 65 75 00 01 02 03 04 06 07 16 27 14 23 32 41 50
Q 06 16 26 36 46 56 66 76 00 01 02 03 04 05 07 17 15 24 33 42 51 60
Q 07 17 27 37 47 57 67 77 00 01 02 03 04 05 06 16 25 34 43 52 61 70
Q 10 00 20 30 40 50 60 70 11 12 13 14 15 16 17 21 32 43 54 65 76 01
Q 11 01 21 31 41 51 61 71 10 12 13 14 15 16 17 22 33 44 55 66 77 00 20 02
Q 12 02 22 32 42 52 62 72 10 11 13 14 15 16 17 23 34 45 56 67 01 21 30 03
Q 13 03 23 33 43 53 63 73 10 11 12 14 15 16 17 24 35 46 57 02 22 31 40 04
Q 14 04 24 34 44 54 64 74 10 11 12 13 15 16 17 25 36 47 03 23 32 41 50 05
Q 15 05 25 35 45 55 65 75 10 11 12 13 14 16 17 26 37 04 24 33 42 51 60 06
Q 16 06 26 36 46 56 66 76 10 11 12 13 14 15 17 27 05 25 34 43 52 61 70 07
Q 17 07 27 37 47 57 67 77 10 11 12 13 14 15 16 06 26 35 44 53 62 71
Q 20 00 10 30 40 50 60 70 21 22 23 24 25 26 27 31 42 53 64 75 11 02
Q 21 01 11 31 41 51 61 71 20 22 23 24 25 26 27 32 43 54 65 76 10 30 12 03
Q 22 02 12 32 42 52 62 72 20 21 23 24 25 26 27 33 44 55 66 77 11 00 31 40 13 04
Q 23 03 13 33 43 53 63 73 20 21 22 24 25 26 27 34 45 56 67 12 01 32 41 50 14 05
Q 24 04 14 34 44 54 64 74 20 21 22 23 25 26 27 35 46 57 13 02 33 42 51 60 15 06
Q 25 05 15 35 45 55 65 75 20 21 22 23 24 26 27 36 47 14 03 34 43 52 61 70 16 07
Q 26 06 16 36 46 56 66 76 20 21 22 23 24 25 27 37 15 04 35 44 53 62 71 17
Q 27 07 17 37 47 57 67 77 20 21 22 23 24 25 26 16 05 36 45 54 63 72
Q 30 00 10 20 40 50 60 70 31 32 33 34 35 36 37 41 52 63 74 21 12 03
Q 31 01 11 21 41 51 61 71 30 32 33 34 35 36 37 42 53 64 75 20 40 22 13 04
Q 32 02 12 22 42 52 62 72 30 31 33 34 35 36 37 43 54 65 76 21 10 41 50 23 14 05
Q 33 03 13 23 43 53 63 73 30 31 32 34 35 36 37 44 55 66 77 22 11 00 42 51 60 24 15 06
Q 34 04 14 24 44 54 64 74 30 31 32 33 35 36 37 45 56 67 23 12 01 43 52 61 70 25 16 07
Q 35 05 15 25 45 55 65 75 30 31 32 33 34 36 37 46 57 24 13 02 44 53 62 71 26 17
Q 36 06 16 26 46 56 66 76 30 31 32 33 34 35 37 47 25 14 03 45 54 63 72 27
Q 37 07 17 27 47 57 67 77 30 31 32 33 34 35 36 26 15 04 46 55 64 73
Q 40 00 10 20 30 50 60 70 41 42 43 44 45 46 47 51 62 73 31 22 13 04
Q 41 01 11 21 31 51 61 71 40 42 43 44 45 46 47 52 63 74 30 50 32 23 14 05
Q 42 02 12 22 32 52 62 72 40 41 43 44 45 46 47 53 64 75 31 20 51 60 33 24 15 06
Q 43 03 13 23 33 53 63 73 40 41 42 44 45 46 47 54 65 76 32 21 10 52 61 70 34 25 16 07
Q 44 04 14 24 34 54 64 74 40 41 42 43 45 46 47 55 66 77 33 22 11 00 53 62 71 35 26 17
Q 45 05 15 25 35 55 65 75 40 41 42 43 44 46 47 56 67 34 23 12 01 54 63 72 36 27
Q 46 06 16 26 36 56 66 76 40 41 42 43 44 45 47 57 35 24 13 02 55 64 73 37
Q 47 07 17 27 37 57 67 77 40 41 42 43 44 45 46 36 25 14 03 56 65 74
Q 50 00 10 20 30 40 60 70 51 52 53 54 55 56 57 61 72 41 32 23 14 05
Q 51 01 11 21 31 41 61 71 50 52 53 54 55 56 57 62 73 40 60 42 33 24 15 06
Q 52 02 12 22 32 42 62 72 50 51 53 54 55 56 57 63 74 41 30 61 70 43 34 25 16 07
Q 53 03 13 23 33 43 63 73 50 51 52 54 55 56 57 64 75 42 31 20 62 71 44 35 26 17
Q 54 04 14 24 34 44 64 74 50 51 52 53 55 56 57 65 76 43 32 21 10 63 72 45 36 27
Q 55 05 15 25 35 45 65 75 50 51 52 53 54 56 57 66 77 44 33 22 11 00 64 73 46 37
Q 56 06 16 26 36 46 66 76 50 51 52 53 54 55 57 67 45 34 23 12 01 65 74 47
Q 57 07 17 27 37 47 67 77 50 51 52 53 54 55 56 46 35 24 13 02 66 75
Q 60 00 10 20 30 40 50 70 61 62 63 64 65 66 67 71 51 42 33 24 15 06
Q 61 01 11 21 31 41 51 71 60 62 63 64 65 66 67 72 50 70 52 43 34 25 16 07
Q 62 02 12 22 32 42 52 72 60 61 63 64 65 66 67 73 51 40 71 53 44 35 26 17
Q 63 03 13 23 33 43 53 73 60 61 62 64 65 66 67 74 52 41 30 72 54 45 36 27
Q 64 04 14 24 34 44 54 74 60 61 62 63 65 66 67 75 53 42 31 20 73 55 46 37
Q 65 05 15 25 35 45 55 75 60 61 62 63 64 66 67 76 54 43 32 21 10 74 56 47
Q 66 06 16 26 36 46 56 76 60 61 62 63 64 65 67 77 55 44 33 22 11 00 75 57
Q 67 07 17 27 37 47 57 77 60 61 62 63 64 65 66 56 45 34 23 12 01 76
Q 70 00 10 20 30 40 50 60 71 72 73 74 75 76 77 61 52 43 34 25 16 07
Q 71 01 11 21 31 41 51 61 70 72 73 74 75 76 77 60 62 53 44 35 26 17
Q 72 02 12 22 32 42 52 62 70 71 73 74 75 76 77 61 50 63 54 45 36 27
Q 73 03 13 23 33 43 53 63 70 71 72 74 75 76 77 62 51 40 64 55 46 37
Q 74 04 14 24 34 44 54 64 70 71 72 73 75 76 77 63 52 41 30 65 56 47
Q 75 05 15 25 35 45 55 65 70 71 72 73 74 76 77 64 53 42 31 20 66 57
Q 76 06 16 26 36 46 56 66 70 71 72 73 74 75 77 65 54 43 32 21 10 67
Q 77 07 17 27 37 47 57 67 70 71 72 73 74 75 76 66 55 44 33 22 11 00

